Attaching 154 probes...
GC,B,183575,96815764089776
WORK,B,183575,96815764152921,140130160721378,18
WORK,E,183575,96815764166430,140130160721378
WORK,B,183575,96815764174513,140130160818556,12
WORK,E,183575,96815764395259,140130160818556
BUCKET_OPEN,i,183575,96815764399580,3
BUCKET_OPEN,i,183575,96815764401056,3
WORK,B,183575,96815764406053,140130160874368,7
WORK,E,183575,96815764413086,140130160874368
WORK,B,183575,96815764414876,140130160681875,16
WORK,E,183575,96815764415983,140130160681875
WORK,B,183575,96815764418158,140130160812887,18
roots,meta,183575,96815764635071,0,142
WORK,E,183575,96815764637942,140130160812887
WORK,B,183575,96815764638958,140130160812887,18
roots,meta,183575,96815764640952,0,27
WORK,E,183575,96815764644391,140130160812887
WORK,B,183575,96815764645282,140130160812887,18
roots,meta,183575,96815764659817,0,19
WORK,E,183575,96815764661577,140130160812887
WORK,B,183575,96815764663653,140130160728242,17
roots,meta,183575,96815764665220,0,36
WORK,E,183575,96815764667078,140130160728242
WORK,B,183575,96815764668937,140130160845165,19
roots,meta,183575,96815764670432,0,9
WORK,E,183575,96815764672152,140130160845165
WORK,B,183575,96815764674123,140130160864820,27
WORK,E,183575,96815764674938,140130160864820
WORK,B,183575,96815764676393,140130160689383,19
WORK,E,183575,96815764678032,140130160689383
WORK,B,183575,96815764682502,140130160798183,20
WORK,E,183575,96815764683671,140130160798183
WORK,B,183575,96815764685907,140130160688991,18
WORK,E,183575,96815764686844,140130160688991
WORK,B,183575,96815764688729,140130160788406,25
roots,meta,183575,96815764692084,0,32
WORK,E,183575,96815764693895,140130160788406
WORK,B,183575,96815764695532,140130160759712,18
roots,meta,183575,96815764808736,0,1024
roots,meta,183575,96815764829553,0,10
WORK,E,183575,96815764830433,140130160759712
WORK,B,183575,96815764832918,140130160766023,20
roots,meta,183575,96815764842948,0,1024
roots,meta,183575,96815764854308,0,1024
roots,meta,183575,96815764856926,0,224
WORK,E,183575,96815764866548,140130160766023
WORK,B,183575,96815764868541,140130160719596,29
roots,meta,183575,96815764897975,0,1024
roots,meta,183575,96815764920725,0,1024
roots,meta,183575,96815764924074,0,168
WORK,E,183575,96815764926629,140130160719596
WORK,B,183575,96815764928514,140130160728831,22
roots,meta,183575,96815764938551,0,548
WORK,E,183575,96815764941000,140130160728831
WORK,B,183575,96815764942544,140130160790878,17
WORK,E,183575,96815764944374,140130160790878
BUCKET_OPEN,i,183575,96815764946670,4
BUCKET_OPEN,i,183575,96815764947661,4
BUCKET_OPEN,i,183575,96815764948509,5
BUCKET_OPEN,i,183575,96815764948952,5
BUCKET_OPEN,i,183575,96815764949595,6
BUCKET_OPEN,i,183575,96815764950108,6
WORK,B,183575,96815764952563,140130160763896,16


@decoded[140130160790878]: 1
@decoded[140130160845165]: 1
@decoded[140130160688991]: 1
@decoded[140130160689383]: 1
@decoded[140130160874368]: 1
@decoded[140130160812887]: 1
@decoded[140130160728242]: 1
@decoded[140130160719596]: 1
@decoded[140130160788406]: 1
@decoded[140130160681875]: 1
@decoded[140130160759712]: 1
@decoded[140130160721378]: 1
@decoded[140130160763896]: 1
@decoded[140130160818556]: 1
@decoded[140130160728831]: 1
@decoded[140130160798183]: 1
@decoded[140130160864820]: 1
@decoded[140130160766023]: 1
@enable_print: 1
@every: 1
@gc_count: 1
@harness: 0
@stats_enabled: 1
@thread_in_work[183575]: 1
@thread_work_id[183575]: 140130160763896
@type_name[140130160681875]: PrepareCollector
@type_name[140130160688991]: ScanAOTLoaderRoots
@type_name[140130160689383]: ScanManagementRoots
@type_name[140130160719596]: ScanClassLoaderDataGraphRoots
@type_name[140130160721378]: ScheduleCollection
@type_name[140130160728242]: ScanUniverseRoots
@type_name[140130160728831]: ScanWeakProcessorRoots
@type_name[140130160759712]: ScanCodeCacheRoots
@type_name[140130160763896]: PlanProcessEdges
@type_name[140130160766023]: ScanStringTableRoots
@type_name[140130160788406]: ScanSystemDictionaryRoots
@type_name[140130160790878]: ScanVMThreadRoots
@type_name[140130160798183]: ScanJvmtiExportRoots
@type_name[140130160812887]: ScanMultipleStacks
@type_name[140130160818556]: StopMutators
@type_name[140130160845165]: ScanJNIHandlesRoots
@type_name[140130160864820]: ScanObjectSynchronizerRoots
@type_name[140130160874368]: Prepare
