Attaching 154 probes...
GC,B,117233,54176440059860
GC,E,117233,54176459697370
GC,B,117233,54178108660132
GC,E,117233,54178223279002
GC,B,117233,54178352800669
GC,E,117233,54178420566533
GC,B,117233,54178505683438
GC,E,117233,54178567945957
GC,B,117233,54178654086121
GC,E,117233,54178699957093
GC,B,117233,54178748045106
GC,E,117233,54178793426646
GC,B,117233,54178843767470
GC,E,117233,54178911500377
GC,B,117233,54178971374200
GC,E,117233,54179013776813
GC,B,117233,54179058488719
GC,E,117233,54179081416059
GC,B,117233,54179109718467
GC,E,117233,54179131106776
GC,B,117233,54179154380975
GC,E,117233,54179170438229
GC,B,117233,54179195344164
GC,E,117233,54179209194648
GC,B,117233,54179351607628
GC,E,117233,54179360862798
GC,B,117233,54179449314267
GC,E,117233,54179452021090
GC,B,117233,54179515536693
GC,E,117233,54179518441544
GC,B,117233,54179555137040
GC,E,117233,54179557966532
GC,B,117233,54179591343969
GC,E,117233,54179593848710
GC,B,117233,54179635334087
GC,E,117233,54179637737010
GC,B,117233,54179682016499
GC,E,117233,54179684423861
GC,B,117233,54179723906530
GC,E,117233,54179726841609
GC,B,117233,54179769392872
GC,E,117233,54179772642250
GC,B,117233,54179812406200
GC,E,117233,54179815141339
GC,B,117233,54179851032625
GC,E,117233,54179853423433
GC,B,117233,54179886121139
GC,E,117233,54179888680490
GC,B,117233,54179925957493
GC,E,117233,54179928469489
GC,B,117233,54179970330050
GC,E,117233,54179973080217
GC,B,117233,54180005436274
GC,E,117233,54180008654024
GC,B,117233,54180050895845
GC,E,117233,54180054199057
GC,B,117233,54180095485150
GC,E,117233,54180097814202
GC,B,117233,54180132935867
GC,E,117233,54180135249483
GC,B,117233,54180169653563
GC,E,117233,54180173027463
GC,B,117233,54180215768706
GC,E,117233,54180218622174
GC,B,117233,54180250965513
GC,E,117233,54180253397948
GC,B,117233,54180287055355
GC,E,117233,54180289628997
GC,B,117233,54180327464713
GC,E,117233,54180329711061
GC,B,117233,54180368597740
GC,E,117233,54180371929007
GC,B,117233,54180410660151
GC,E,117233,54180413004612
GC,B,117233,54180446043432
GC,E,117233,54180449028307
GC,B,117233,54180483820079
GC,E,117233,54180486204780
GC,B,117233,54180518060424
GC,E,117233,54180520553549
GC,B,117233,54180560941732
GC,E,117233,54180563487422
GC,B,117233,54180605493392
GC,E,117233,54180608260797
GC,B,117233,54180657381441
GC,E,117233,54180659794578
GC,B,117233,54180698386962
GC,E,117233,54180700676274
GC,B,117233,54180749865564
GC,E,117233,54180752187729
GC,B,117233,54180790363810
GC,E,117233,54180792632124
GC,B,117233,54180826941309
GC,E,117233,54180829603528
GC,B,117233,54180870169522
GC,E,117233,54180872886655
GC,B,117233,54180912162211
GC,E,117233,54180914322419
GC,B,117233,54180951555535
WORK,B,117233,54180951616132,129276652571054,18
WORK,E,117233,54180951635511,129276652571054
WORK,B,117233,54180951640172,129276652507251,12
WORK,E,117233,54180952155056,129276652507251
WORK,B,117233,54180952181745,129276652521917,13
WORK,E,117233,54180952184739,129276652521917
WORK,B,117233,54180952187703,129276652649827,11
WORK,E,117233,54180952212461,129276652649827
WORK,B,117233,54180952215968,129276652706004,18
roots,meta,117233,54180952260275,0,132
WORK,E,117233,54180952263744,129276652706004
WORK,B,117233,54180952265489,129276652706004,18
roots,meta,117233,54180952273235,0,29
WORK,E,117233,54180952275381,129276652706004
WORK,B,117233,54180952278474,129276652585717,17
roots,meta,117233,54180952281106,0,36
WORK,E,117233,54180952282884,129276652585717
WORK,B,117233,54180952285571,129276652520083,19
roots,meta,117233,54180952287888,0,15
WORK,E,117233,54180952289717,129276652520083
WORK,B,117233,54180952292042,129276652584647,27
WORK,E,117233,54180952293880,129276652584647
WORK,B,117233,54180952296468,129276652564181,19
roots,meta,117233,54180952299301,0,9
WORK,E,117233,54180952301532,129276652564181
WORK,B,117233,54180952304279,129276652528048,11
WORK,E,117233,54180952323101,129276652528048
WORK,B,117233,54180952325093,129276652528048,11
WORK,E,117233,54180952345093,129276652528048
WORK,B,117233,54180952347809,129276652528048,11
WORK,E,117233,54180952364594,129276652528048
WORK,B,117233,54180952366470,129276652528048,11
WORK,E,117233,54180952383587,129276652528048
WORK,B,117233,54180952385583,129276652528048,11
WORK,E,117233,54180952402575,129276652528048
WORK,B,117233,54180952404432,129276652528048,11
WORK,E,117233,54180952421520,129276652528048
WORK,B,117233,54180952423480,129276652528048,11
WORK,E,117233,54180952440034,129276652528048
WORK,B,117233,54180952448625,129276652527104,20
WORK,E,117233,54180952451879,129276652527104
WORK,B,117233,54180952454395,129276652532079,18
WORK,E,117233,54180952456464,129276652532079
WORK,B,117233,54180952458898,129276652596929,25
roots,meta,117233,54180952466724,0,53
WORK,E,117233,54180952469059,129276652596929
WORK,B,117233,54180952471427,129276652707071,18
roots,meta,117233,54180952493761,0,1024
roots,meta,117233,54180952510839,0,1024
roots,meta,117233,54180952548012,0,940
WORK,E,117233,54180952550625,129276652707071
WORK,B,117233,54180952553808,129276652519767,20
roots,meta,117233,54180952566673,0,1024
roots,meta,117233,54180952577855,0,1024
roots,meta,117233,54180952589504,0,1024
roots,meta,117233,54180952600650,0,1024
roots,meta,117233,54180952610433,0,1024
roots,meta,117233,54180952620628,0,1024
roots,meta,117233,54180952624383,0,256
WORK,E,117233,54180952629544,129276652519767
WORK,B,117233,54180952633905,129276652720530,29
roots,meta,117233,54180952674614,0,1024
roots,meta,117233,54180952705976,0,1024
roots,meta,117233,54180952719065,0,1024
roots,meta,117233,54180952729765,0,1024
roots,meta,117233,54180952739082,0,850
WORK,E,117233,54180952741980,129276652720530
WORK,B,117233,54180952745303,129276652686168,22
roots,meta,117233,54180952760725,0,1024
roots,meta,117233,54180952768732,0,132
WORK,E,117233,54180952772611,129276652686168
WORK,B,117233,54180952777079,129276652710034,17
WORK,E,117233,54180952781805,129276652710034
WORK,B,117233,54180952784449,129276652607222,23
WORK,E,117233,54180952848668,129276652607222
WORK,B,117233,54180952857978,129276652607222,23
WORK,E,117233,54180952863883,129276652607222
WORK,B,117233,54180952865617,129276652607222,23
WORK,E,117233,54180952868968,129276652607222
WORK,B,117233,54180952870855,129276652607222,23
WORK,E,117233,54180952874285,129276652607222
WORK,B,117233,54180952876078,129276652607222,23
WORK,E,117233,54180952879002,129276652607222
WORK,B,117233,54180952880713,129276652607222,23
WORK,E,117233,54180952892237,129276652607222
WORK,B,117233,54180952894279,129276652607222,23
WORK,E,117233,54180952991819,129276652607222
WORK,B,117233,54180953019394,129276652607222,23
WORK,E,117233,54180953115887,129276652607222
WORK,B,117233,54180953138786,129276652607222,23
WORK,E,117233,54180953232165,129276652607222
WORK,B,117233,54180953256804,129276652607222,23
WORK,E,117233,54180953321506,129276652607222
WORK,B,117233,54180953324325,129276652607222,23
WORK,E,117233,54180953385952,129276652607222
WORK,B,117233,54180953417548,129276652528048,11
WORK,E,117233,54180953437011,129276652528048
WORK,B,117233,54180953438740,129276652528048,11
WORK,E,117233,54180953457727,129276652528048
WORK,B,117233,54180953460857,129276652528048,11
WORK,E,117233,54180953477434,129276652528048
WORK,B,117233,54180953479406,129276652528048,11
WORK,E,117233,54180953496582,129276652528048
WORK,B,117233,54180953498324,129276652528048,11
WORK,E,117233,54180953514770,129276652528048
WORK,B,117233,54180953516711,129276652528048,11
WORK,E,117233,54180953531870,129276652528048
WORK,B,117233,54180953534476,129276652528048,11
WORK,E,117233,54180953550310,129276652528048
WORK,B,117233,54180953552718,129276652528048,11
WORK,E,117233,54180953570960,129276652528048
WORK,B,117233,54180953573831,129276652607222,23
WORK,E,117233,54180953683560,129276652607222
WORK,B,117233,54180953712519,129276652607222,23
WORK,E,117233,54180953784704,129276652607222
WORK,B,117233,54180953787510,129276652607222,23
WORK,E,117233,54180953877943,129276652607222
WORK,B,117233,54180953880848,129276652607222,23
WORK,E,117233,54180954020621,129276652607222
WORK,B,117233,54180954051347,129276652607222,23
WORK,E,117233,54180954089460,129276652607222
WORK,B,117233,54180954092238,129276652607222,23
WORK,E,117233,54180954216620,129276652607222
WORK,B,117233,54180954247283,129276652607222,23
WORK,E,117233,54180954355914,129276652607222
WORK,B,117233,54180954384443,129276652607222,23
WORK,E,117233,54180954454003,129276652607222
WORK,B,117233,54180954459915,129276652607222,23
WORK,E,117233,54180954534450,129276652607222
WORK,B,117233,54180954563832,129276652607222,23
WORK,E,117233,54180954617482,129276652607222
WORK,B,117233,54180954620494,129276652607222,23
WORK,E,117233,54180954688922,129276652607222
WORK,B,117233,54180954719987,129276652607222,23
WORK,E,117233,54180954733838,129276652607222
BUCKET_OPEN,i,117233,54180954739513,18
BUCKET_OPEN,i,117233,54180954741460,18
WORK,B,117233,54180954746039,129276652715376,7
WORK,E,117233,54180954754130,129276652715376
BUCKET_OPEN,i,117233,54180954756468,19
BUCKET_OPEN,i,117233,54180954757632,19
WORK,B,117233,54180954761448,129276652567214,11
WORK,E,117233,54180954860051,129276652567214
WORK,B,117233,54180954868988,129276652567214,11
WORK,E,117233,54180954872316,129276652567214
WORK,B,117233,54180954874336,129276652567214,11
WORK,E,117233,54180954878217,129276652567214
WORK,B,117233,54180954880177,129276652567214,11
WORK,E,117233,54180954882824,129276652567214
WORK,B,117233,54180954884771,129276652567214,11
WORK,E,117233,54180954886787,129276652567214
WORK,B,117233,54180954888727,129276652567214,11
WORK,E,117233,54180954893541,129276652567214
WORK,B,117233,54180954895556,129276652567214,11
WORK,E,117233,54180954942300,129276652567214
WORK,B,117233,54180954948723,129276652567214,11
WORK,E,117233,54180954989692,129276652567214
WORK,B,117233,54180955018066,129276652567214,11
WORK,E,117233,54180955058461,129276652567214
WORK,B,117233,54180955060696,129276652567214,11
WORK,E,117233,54180955103257,129276652567214
WORK,B,117233,54180955129320,129276652567214,11
WORK,E,117233,54180955175042,129276652567214
WORK,B,117233,54180955200046,129276652567214,11
WORK,E,117233,54180955257448,129276652567214
WORK,B,117233,54180955346862,129276652567214,11
WORK,E,117233,54180955394094,129276652567214
WORK,B,117233,54180955395976,129276652567214,11
WORK,E,117233,54180955442491,129276652567214
WORK,B,117233,54180955467823,129276652567214,11
WORK,E,117233,54180955521681,129276652567214
WORK,B,117233,54180955523966,129276652567214,11
WORK,E,117233,54180955542867,129276652567214
WORK,B,117233,54180955544958,129276652567214,11
WORK,E,117233,54180955601188,129276652567214
WORK,B,117233,54180955603199,129276652567214,11
WORK,E,117233,54180955664402,129276652567214
WORK,B,117233,54180955697272,129276652567214,11
WORK,E,117233,54180955742029,129276652567214
WORK,B,117233,54180955765540,129276652567214,11
WORK,E,117233,54180955815841,129276652567214
WORK,B,117233,54180955818021,129276652567214,11
WORK,E,117233,54180955851436,129276652567214
WORK,B,117233,54180955853938,129276652567214,11
WORK,E,117233,54180955922184,129276652567214
WORK,B,117233,54180955924400,129276652567214,11
WORK,E,117233,54180955935361,129276652567214
WORK,B,117233,54180955937579,129276652567214,11
WORK,E,117233,54180955943649,129276652567214
WORK,B,117233,54180955947272,129276652569621,20
WORK,E,117233,54180955955288,129276652569621
BUCKET_OPEN,i,117233,54180955959556,20
BUCKET_OPEN,i,117233,54180955961721,20
BUCKET_OPEN,i,117233,54180955963512,21
BUCKET_OPEN,i,117233,54180955964657,21
plan_end_of_gc,B,117233,54180955973491
plan_end_of_gc,E,117233,54180955975588
GC,E,117233,54180955977910
GC,B,117233,54180992127854
GC,E,117233,54180994545585
GC,B,117233,54181028211420
GC,E,117233,54181030597761
GC,B,117233,54181068690397
GC,E,117233,54181071357621
GC,B,117233,54181105378881
GC,E,117233,54181108641429
GC,B,117233,54181140821021
GC,E,117233,54181143098652
GC,B,117233,54181176923850
GC,E,117233,54181179510847
GC,B,117233,54181215614996
GC,E,117233,54181217937271
GC,B,117233,54181256944279
GC,E,117233,54181260289722
GC,B,117233,54181297158649
GC,E,117233,54181299593042
GC,B,117233,54181332062101
GC,E,117233,54181334314554
GC,B,117233,54181370702758
GC,E,117233,54181373706837
GC,B,117233,54181413217189
GC,E,117233,54181415549181
GC,B,117233,54181451530392
GC,E,117233,54181454108449
GC,B,117233,54181492061380
GC,E,117233,54181494401039
GC,B,117233,54181531328232
GC,E,117233,54181534502681
GC,B,117233,54181573207446
GC,E,117233,54181576426510
GC,B,117233,54181616864210
GC,E,117233,54181619264425
GC,B,117233,54181654468386
GC,E,117233,54181657431260
GC,B,117233,54181687461957
GC,E,117233,54181690068755
GC,B,117233,54181720204751
GC,E,117233,54181722464250
GC,B,117233,54181753863910
GC,E,117233,54181757122811
GC,B,117233,54181795006590
GC,E,117233,54181797772335
GC,B,117233,54181835570034
GC,E,117233,54181838657375
GC,B,117233,54181876988185
GC,E,117233,54181879263315
GC,B,117233,54181912410794
GC,E,117233,54181916449081
GC,B,117233,54181952928705
GC,E,117233,54181955656097
GC,B,117233,54181997324877
GC,E,117233,54182001577491
GC,B,117233,54182036237691
GC,E,117233,54182038896168
GC,B,117233,54182083002460
GC,E,117233,54182085532606
GC,B,117233,54182123132943
GC,E,117233,54182125930878
GC,B,117233,54182165230349
GC,E,117233,54182168510338
GC,B,117233,54182204435919
GC,E,117233,54182207527261
GC,B,117233,54182245586261
GC,E,117233,54182248421911
GC,B,117233,54182292188738
GC,E,117233,54182294559547
GC,B,117233,54182324174796
GC,E,117233,54182326580414
GC,B,117233,54182359828436
GC,E,117233,54182362255907
GC,B,117233,54182392676076
GC,E,117233,54182395884443
GC,B,117233,54182432929123
GC,E,117233,54182435320936
GC,B,117233,54182465064461
GC,E,117233,54182467470675
GC,B,117233,54182509113322
GC,E,117233,54182512384227
GC,B,117233,54182548438369
GC,E,117233,54182551772628
GC,B,117233,54182592227070
GC,E,117233,54182594836649
GC,B,117233,54182628341391
GC,E,117233,54182632378125
GC,B,117233,54182672533661
GC,E,117233,54182674991598
GC,B,117233,54182703179331
GC,E,117233,54182705679872
GC,B,117233,54182736208353
GC,E,117233,54182738467528
GC,B,117233,54182781445378
GC,E,117233,54182784420180
GC,B,117233,54182821828988
GC,E,117233,54182824666434
GC,B,117233,54182867204338
GC,E,117233,54182870014301
GC,B,117233,54182906323659
WORK,B,117233,54182906374308,129276652571054,18
WORK,E,117233,54182906391662,129276652571054
WORK,B,117233,54182906395643,129276652507251,12
WORK,E,117233,54182906715362,129276652507251
WORK,B,117233,54182906761223,129276652521917,13
WORK,E,117233,54182906764703,129276652521917
WORK,B,117233,54182906768305,129276652649827,11
WORK,E,117233,54182906781533,129276652649827
WORK,B,117233,54182906785158,129276652706004,18
roots,meta,117233,54182906827518,0,130
WORK,E,117233,54182906831434,129276652706004
WORK,B,117233,54182906833924,129276652706004,18
roots,meta,117233,54182906837283,0,8
WORK,E,117233,54182906839412,129276652706004
WORK,B,117233,54182906841294,129276652706004,18
roots,meta,117233,54182906847986,0,19
WORK,E,117233,54182906850643,129276652706004
WORK,B,117233,54182906853846,129276652585717,17
roots,meta,117233,54182906857008,0,36
WORK,E,117233,54182906859103,129276652585717
WORK,B,117233,54182906861962,129276652520083,19
roots,meta,117233,54182906864528,0,15
WORK,E,117233,54182906867075,129276652520083
WORK,B,117233,54182906869883,129276652584647,27
WORK,E,117233,54182906872436,129276652584647
WORK,B,117233,54182906875239,129276652564181,19
roots,meta,117233,54182906878768,0,9
WORK,E,117233,54182906881023,129276652564181
WORK,B,117233,54182906883791,129276652527104,20
WORK,E,117233,54182906886519,129276652527104
WORK,B,117233,54182906890302,129276652532079,18
WORK,E,117233,54182906892779,129276652532079
WORK,B,117233,54182906895459,129276652596929,25
roots,meta,117233,54182906903650,0,53
WORK,E,117233,54182906905823,129276652596929
WORK,B,117233,54182906908404,129276652707071,18
roots,meta,117233,54182906927631,0,1024
roots,meta,117233,54182906950587,0,1024
roots,meta,117233,54182906999695,0,957
WORK,E,117233,54182907001928,129276652707071
WORK,B,117233,54182907004913,129276652519767,20
roots,meta,117233,54182907019300,0,1024
roots,meta,117233,54182907035702,0,1024
roots,meta,117233,54182907047707,0,1024
roots,meta,117233,54182907059899,0,1024
roots,meta,117233,54182907070971,0,1024
roots,meta,117233,54182907109544,0,1024
roots,meta,117233,54182907114782,0,266
WORK,E,117233,54182907117340,129276652519767
WORK,B,117233,54182907121055,129276652720530,29
roots,meta,117233,54182907159633,0,1024
roots,meta,117233,54182907194190,0,1024
roots,meta,117233,54182907231335,0,1024
roots,meta,117233,54182907242777,0,1024
roots,meta,117233,54182907254010,0,850
WORK,E,117233,54182907260772,129276652720530
WORK,B,117233,54182907267476,129276652686168,22
roots,meta,117233,54182907286958,0,1024
roots,meta,117233,54182907315954,0,132
WORK,E,117233,54182907318330,129276652686168
WORK,B,117233,54182907321505,129276652710034,17
WORK,E,117233,54182907324945,129276652710034
WORK,B,117233,54182907328414,129276652607222,23
WORK,E,117233,54182907385682,129276652607222
WORK,B,117233,54182907413514,129276652607222,23
WORK,E,117233,54182907417144,129276652607222
WORK,B,117233,54182907419338,129276652607222,23
WORK,E,117233,54182907422667,129276652607222
WORK,B,117233,54182907424673,129276652607222,23
WORK,E,117233,54182907428305,129276652607222
WORK,B,117233,54182907430473,129276652607222,23
WORK,E,117233,54182907433781,129276652607222
WORK,B,117233,54182907435530,129276652607222,23
WORK,E,117233,54182907438470,129276652607222
WORK,B,117233,54182907440328,129276652607222,23
WORK,E,117233,54182907456620,129276652607222
WORK,B,117233,54182907458784,129276652607222,23
WORK,E,117233,54182907573751,129276652607222
WORK,B,117233,54182907604926,129276652607222,23
WORK,E,117233,54182907731795,129276652607222
WORK,B,117233,54182907766068,129276652607222,23
WORK,E,117233,54182907864991,129276652607222
WORK,B,117233,54182907894797,129276652607222,23
WORK,E,117233,54182907958453,129276652607222
WORK,B,117233,54182907984680,129276652607222,23
WORK,E,117233,54182908067408,129276652607222
WORK,B,117233,54182908074407,129276652528048,11
WORK,E,117233,54182908098064,129276652528048
WORK,B,117233,54182908132010,129276652528048,11
WORK,E,117233,54182908150528,129276652528048
WORK,B,117233,54182908152833,129276652528048,11
WORK,E,117233,54182908191867,129276652528048
WORK,B,117233,54182908217339,129276652528048,11
WORK,E,117233,54182908236801,129276652528048
WORK,B,117233,54182908239167,129276652528048,11
WORK,E,117233,54182908257655,129276652528048
WORK,B,117233,54182908260420,129276652528048,11
WORK,E,117233,54182908278833,129276652528048
WORK,B,117233,54182908281200,129276652528048,11
WORK,E,117233,54182908299860,129276652528048
WORK,B,117233,54182908302609,129276652607222,23
WORK,E,117233,54182908416233,129276652607222
WORK,B,117233,54182908445057,129276652607222,23
WORK,E,117233,54182908515800,129276652607222
WORK,B,117233,54182908541112,129276652607222,23
WORK,E,117233,54182908610376,129276652607222
WORK,B,117233,54182908637831,129276652607222,23
WORK,E,117233,54182908720531,129276652607222
WORK,B,117233,54182908748918,129276652607222,23
WORK,E,117233,54182908780786,129276652607222
WORK,B,117233,54182908784952,129276652607222,23
WORK,E,117233,54182908896743,129276652607222
WORK,B,117233,54182908927629,129276652607222,23
WORK,E,117233,54182909042928,129276652607222
WORK,B,117233,54182909066271,129276652607222,23
WORK,E,117233,54182909134461,129276652607222
WORK,B,117233,54182909155328,129276652607222,23
WORK,E,117233,54182909228426,129276652607222
WORK,B,117233,54182909253456,129276652607222,23
WORK,E,117233,54182909303188,129276652607222
WORK,B,117233,54182909327189,129276652607222,23
WORK,E,117233,54182909391284,129276652607222
WORK,B,117233,54182909413663,129276652607222,23
WORK,E,117233,54182909429276,129276652607222
BUCKET_OPEN,i,117233,54182909435031,18
BUCKET_OPEN,i,117233,54182909436801,18
WORK,B,117233,54182909441186,129276652715376,7
WORK,E,117233,54182909447316,129276652715376
BUCKET_OPEN,i,117233,54182909449673,19
BUCKET_OPEN,i,117233,54182909450929,19
WORK,B,117233,54182909454706,129276652567214,11
WORK,E,117233,54182909546952,129276652567214
WORK,B,117233,54182909569217,129276652567214,11
WORK,E,117233,54182909572288,129276652567214
WORK,B,117233,54182909574242,129276652567214,11
WORK,E,117233,54182909576845,129276652567214
WORK,B,117233,54182909578729,129276652567214,11
WORK,E,117233,54182909582111,129276652567214
WORK,B,117233,54182909583836,129276652567214,11
WORK,E,117233,54182909586177,129276652567214
WORK,B,117233,54182909588111,129276652567214,11
WORK,E,117233,54182909589946,129276652567214
WORK,B,117233,54182909591710,129276652567214,11
WORK,E,117233,54182909596697,129276652567214
WORK,B,117233,54182909598716,129276652567214,11
WORK,E,117233,54182909640249,129276652567214
WORK,B,117233,54182909642432,129276652567214,11
WORK,E,117233,54182909696029,129276652567214
WORK,B,117233,54182909720896,129276652567214,11
WORK,E,117233,54182909757794,129276652567214
WORK,B,117233,54182909781017,129276652567214,11
WORK,E,117233,54182909823810,129276652567214
WORK,B,117233,54182909847274,129276652567214,11
WORK,E,117233,54182909892779,129276652567214
WORK,B,117233,54182909915422,129276652567214,11
WORK,E,117233,54182909970620,129276652567214
WORK,B,117233,54182909993839,129276652567214,11
WORK,E,117233,54182910039868,129276652567214
WORK,B,117233,54182910062807,129276652567214,11
WORK,E,117233,54182910110297,129276652567214
WORK,B,117233,54182910132635,129276652567214,11
WORK,E,117233,54182910198017,129276652567214
WORK,B,117233,54182910218682,129276652567214,11
WORK,E,117233,54182910237684,129276652567214
WORK,B,117233,54182910239581,129276652567214,11
WORK,E,117233,54182910291699,129276652567214
WORK,B,117233,54182910315318,129276652567214,11
WORK,E,117233,54182910367283,129276652567214
WORK,B,117233,54182910389948,129276652567214,11
WORK,E,117233,54182910434542,129276652567214
WORK,B,117233,54182910455821,129276652567214,11
WORK,E,117233,54182910501010,129276652567214
WORK,B,117233,54182910522601,129276652567214,11
WORK,E,117233,54182910556761,129276652567214
WORK,B,117233,54182910580967,129276652567214,11
WORK,E,117233,54182910628282,129276652567214
WORK,B,117233,54182910650021,129276652567214,11
WORK,E,117233,54182910659403,129276652567214
WORK,B,117233,54182910661501,129276652567214,11
WORK,E,117233,54182910679619,129276652567214
WORK,B,117233,54182910682908,129276652569621,20
WORK,E,117233,54182910695811,129276652569621
BUCKET_OPEN,i,117233,54182910702313,20
BUCKET_OPEN,i,117233,54182910706984,20
BUCKET_OPEN,i,117233,54182910708757,21
BUCKET_OPEN,i,117233,54182910709953,21
plan_end_of_gc,B,117233,54182910716262
plan_end_of_gc,E,117233,54182910718129
GC,E,117233,54182910720286
GC,B,117233,54182947081648
GC,E,117233,54182949576368
GC,B,117233,54182988942692
GC,E,117233,54182991350378
GC,B,117233,54183018955370
GC,E,117233,54183021602298
GC,B,117233,54183052767597
GC,E,117233,54183055900791
GC,B,117233,54183095418994
GC,E,117233,54183098677520
GC,B,117233,54183143813733
GC,E,117233,54183146071298
GC,B,117233,54183179662822
GC,E,117233,54183181812225
GC,B,117233,54183209597868
GC,E,117233,54183211846413
GC,B,117233,54183240659461
GC,E,117233,54183242894497
GC,B,117233,54183285522986
GC,E,117233,54183288880800
GC,B,117233,54183326898224
GC,E,117233,54183329764174
GC,B,117233,54183370951879
GC,E,117233,54183373859811
GC,B,117233,54183406381896
GC,E,117233,54183408711906
GC,B,117233,54183439503718
GC,E,117233,54183441724903
GC,B,117233,54183476863505
GC,E,117233,54183479103294
GC,B,117233,54183512248564
GC,E,117233,54183514453454
GC,B,117233,54183555021989
GC,E,117233,54183558227838
GC,B,117233,54183593480192
GC,E,117233,54183595907673
GC,B,117233,54183627089817
GC,E,117233,54183630015227
GC,B,117233,54183668042818
GC,E,117233,54183670276301
GC,B,117233,54183698919618
GC,E,117233,54183701207645
GC,B,117233,54183730784429
GC,E,117233,54183733132867
GC,B,117233,54183763408448
GC,E,117233,54183766324951
GC,B,117233,54183804848644
GC,E,117233,54183808194280
GC,B,117233,54183839652806
GC,E,117233,54183842641641
GC,B,117233,54183884554969
GC,E,117233,54183886899437
GC,B,117233,54183928000645
GC,E,117233,54183930537817
GC,B,117233,54183965243696
GC,E,117233,54183967407065
GC,B,117233,54184001888336
GC,E,117233,54184005296380
GC,B,117233,54184034976079
GC,E,117233,54184037173284
GC,B,117233,54184074189839
GC,E,117233,54184076682634
GC,B,117233,54184120714806
GC,E,117233,54184124169762
GC,B,117233,54184167769113
GC,E,117233,54184170980430
GC,B,117233,54184225798415
GC,E,117233,54184229235120
GC,B,117233,54184265163102
GC,E,117233,54184268326920
GC,B,117233,54184307752174
GC,E,117233,54184310328129
GC,B,117233,54184337545992
GC,E,117233,54184339816847
GC,B,117233,54184370279108
GC,E,117233,54184372648259
GC,B,117233,54184399986684
GC,E,117233,54184402315035
GC,B,117233,54184434974326
GC,E,117233,54184437292365
GC,B,117233,54184479163633
GC,E,117233,54184482353276
GC,B,117233,54184515690501
GC,E,117233,54184518095682
GC,B,117233,54184556828045
GC,E,117233,54184559273991
GC,B,117233,54184591762363
GC,E,117233,54184595127249
GC,B,117233,54184627351086
GC,E,117233,54184630898453
GC,B,117233,54184663761474
GC,E,117233,54184666695449
GC,B,117233,54184702903473
GC,E,117233,54184705381292
GC,B,117233,54184744041442
GC,E,117233,54184746406388
GC,B,117233,54184785728016
GC,E,117233,54184788081175
GC,B,117233,54184818585833
WORK,B,117233,54184818648465,129276652571054,18
WORK,E,117233,54184818690583,129276652571054
WORK,B,117233,54184818695012,129276652507251,12
WORK,E,117233,54184819030925,129276652507251
WORK,B,117233,54184819081510,129276652521917,13
WORK,E,117233,54184819085351,129276652521917
WORK,B,117233,54184819088580,129276652649827,11
WORK,E,117233,54184819141322,129276652649827
WORK,B,117233,54184819145981,129276652706004,18
roots,meta,117233,54184819187948,0,135
WORK,E,117233,54184819192113,129276652706004
WORK,B,117233,54184819194545,129276652706004,18
roots,meta,117233,54184819198678,0,8
WORK,E,117233,54184819200668,129276652706004
WORK,B,117233,54184819202504,129276652706004,18
roots,meta,117233,54184819208665,0,19
WORK,E,117233,54184819211699,129276652706004
WORK,B,117233,54184819214583,129276652585717,17
roots,meta,117233,54184819217283,0,36
WORK,E,117233,54184819218859,129276652585717
WORK,B,117233,54184819221298,129276652520083,19
roots,meta,117233,54184819223432,0,15
WORK,E,117233,54184819225166,129276652520083
WORK,B,117233,54184819227487,129276652584647,27
WORK,E,117233,54184819229198,129276652584647
WORK,B,117233,54184819231536,129276652564181,19
roots,meta,117233,54184819235193,0,9
WORK,E,117233,54184819237108,129276652564181
WORK,B,117233,54184819240956,129276652527104,20
WORK,E,117233,54184819243412,129276652527104
WORK,B,117233,54184819245957,129276652532079,18
WORK,E,117233,54184819248115,129276652532079
WORK,B,117233,54184819250583,129276652596929,25
roots,meta,117233,54184819258230,0,53
WORK,E,117233,54184819260183,129276652596929
WORK,B,117233,54184819262660,129276652707071,18
roots,meta,117233,54184819282127,0,1024
roots,meta,117233,54184819298073,0,1024
roots,meta,117233,54184819309435,0,992
WORK,E,117233,54184819311436,129276652707071
WORK,B,117233,54184819313833,129276652519767,20
roots,meta,117233,54184819325946,0,1024
roots,meta,117233,54184819336598,0,1024
roots,meta,117233,54184819348557,0,1024
roots,meta,117233,54184819366346,0,1024
roots,meta,117233,54184819412004,0,1024
roots,meta,117233,54184819422914,0,1024
roots,meta,117233,54184819427210,0,266
WORK,E,117233,54184819429617,129276652519767
WORK,B,117233,54184819432884,129276652720530,29
roots,meta,117233,54184819471601,0,1024
roots,meta,117233,54184819502927,0,1024
roots,meta,117233,54184819539700,0,1024
roots,meta,117233,54184819550916,0,1024
roots,meta,117233,54184819561405,0,850
WORK,E,117233,54184819564805,129276652720530
WORK,B,117233,54184819568421,129276652686168,22
roots,meta,117233,54184819583411,0,1024
roots,meta,117233,54184819591139,0,132
WORK,E,117233,54184819593356,129276652686168
WORK,B,117233,54184819596136,129276652710034,17
WORK,E,117233,54184819599232,129276652710034
WORK,B,117233,54184819602583,129276652607222,23
WORK,E,117233,54184819675761,129276652607222
WORK,B,117233,54184819701701,129276652607222,23
WORK,E,117233,54184819704930,129276652607222
WORK,B,117233,54184819706952,129276652607222,23
WORK,E,117233,54184819709802,129276652607222
WORK,B,117233,54184819712528,129276652528048,11
WORK,E,117233,54184819720640,129276652528048
WORK,B,117233,54184819722623,129276652528048,11
WORK,E,117233,54184819738985,129276652528048
WORK,B,117233,54184819741016,129276652528048,11
WORK,E,117233,54184819756176,129276652528048
WORK,B,117233,54184819757976,129276652528048,11
WORK,E,117233,54184819774745,129276652528048
WORK,B,117233,54184819776589,129276652528048,11
WORK,E,117233,54184819793503,129276652528048
WORK,B,117233,54184819795474,129276652528048,11
WORK,E,117233,54184819812252,129276652528048
WORK,B,117233,54184819818214,129276652528048,11
WORK,E,117233,54184819835312,129276652528048
WORK,B,117233,54184819859929,129276652528048,11
WORK,E,117233,54184819877541,129276652528048
WORK,B,117233,54184819880779,129276652607222,23
WORK,E,117233,54184819884988,129276652607222
WORK,B,117233,54184819887009,129276652607222,23
WORK,E,117233,54184819890072,129276652607222
WORK,B,117233,54184819892060,129276652607222,23
WORK,E,117233,54184819894501,129276652607222
WORK,B,117233,54184819896317,129276652607222,23
WORK,E,117233,54184819907620,129276652607222
WORK,B,117233,54184819909628,129276652607222,23
WORK,E,117233,54184820036831,129276652607222
WORK,B,117233,54184820063961,129276652607222,23
WORK,E,117233,54184820182874,129276652607222
WORK,B,117233,54184820209104,129276652607222,23
WORK,E,117233,54184820308672,129276652607222
WORK,B,117233,54184820310921,129276652607222,23
WORK,E,117233,54184820352102,129276652607222
WORK,B,117233,54184820353469,129276652607222,23
WORK,E,117233,54184820395914,129276652607222
WORK,B,117233,54184820418094,129276652607222,23
WORK,E,117233,54184820494322,129276652607222
WORK,B,117233,54184820513997,129276652607222,23
WORK,E,117233,54184820557737,129276652607222
WORK,B,117233,54184820576768,129276652607222,23
WORK,E,117233,54184820622580,129276652607222
WORK,B,117233,54184820640966,129276652607222,23
WORK,E,117233,54184820691121,129276652607222
WORK,B,117233,54184820709919,129276652607222,23
WORK,E,117233,54184820730499,129276652607222
WORK,B,117233,54184820731919,129276652607222,23
WORK,E,117233,54184820798392,129276652607222
WORK,B,117233,54184820819725,129276652607222,23
WORK,E,117233,54184820904265,129276652607222
WORK,B,117233,54184820926168,129276652607222,23
WORK,E,117233,54184820981586,129276652607222
WORK,B,117233,54184821003984,129276652607222,23
WORK,E,117233,54184821055993,129276652607222
WORK,B,117233,54184821079927,129276652607222,23
WORK,E,117233,54184821113768,129276652607222
WORK,B,117233,54184821133095,129276652607222,23
WORK,E,117233,54184821178526,129276652607222
WORK,B,117233,54184821198807,129276652607222,23
WORK,E,117233,54184821207760,129276652607222
BUCKET_OPEN,i,117233,54184821212956,18
BUCKET_OPEN,i,117233,54184821214630,18
WORK,B,117233,54184821218837,129276652715376,7
WORK,E,117233,54184821224878,129276652715376
BUCKET_OPEN,i,117233,54184821226590,19
BUCKET_OPEN,i,117233,54184821227385,19
WORK,B,117233,54184821230264,129276652567214,11
WORK,E,117233,54184821290247,129276652567214
WORK,B,117233,54184821309726,129276652567214,11
WORK,E,117233,54184821311759,129276652567214
WORK,B,117233,54184821313086,129276652567214,11
WORK,E,117233,54184821315135,129276652567214
WORK,B,117233,54184821316382,129276652567214,11
WORK,E,117233,54184821319128,129276652567214
WORK,B,117233,54184821320342,129276652567214,11
WORK,E,117233,54184821321854,129276652567214
WORK,B,117233,54184821323025,129276652567214,11
WORK,E,117233,54184821324669,129276652567214
WORK,B,117233,54184821325898,129276652567214,11
WORK,E,117233,54184821328568,129276652567214
WORK,B,117233,54184821330224,129276652567214,11
WORK,E,117233,54184821359245,129276652567214
WORK,B,117233,54184821360543,129276652567214,11
WORK,E,117233,54184821386761,129276652567214
WORK,B,117233,54184821388113,129276652567214,11
WORK,E,117233,54184821411280,129276652567214
WORK,B,117233,54184821430783,129276652567214,11
WORK,E,117233,54184821462160,129276652567214
WORK,B,117233,54184821463545,129276652567214,11
WORK,E,117233,54184821498405,129276652567214
WORK,B,117233,54184821500240,129276652567214,11
WORK,E,117233,54184821553516,129276652567214
WORK,B,117233,54184821555954,129276652567214,11
WORK,E,117233,54184821598158,129276652567214
WORK,B,117233,54184821637435,129276652567214,11
WORK,E,117233,54184821685718,129276652567214
WORK,B,117233,54184821687871,129276652567214,11
WORK,E,117233,54184821738268,129276652567214
WORK,B,117233,54184821741810,129276652567214,11
WORK,E,117233,54184821759233,129276652567214
WORK,B,117233,54184821761004,129276652567214,11
WORK,E,117233,54184821811224,129276652567214
WORK,B,117233,54184821813243,129276652567214,11
WORK,E,117233,54184821867527,129276652567214
WORK,B,117233,54184821869839,129276652567214,11
WORK,E,117233,54184821904671,129276652567214
WORK,B,117233,54184821911653,129276652567214,11
WORK,E,117233,54184821945669,129276652567214
WORK,B,117233,54184821976611,129276652567214,11
WORK,E,117233,54184822013480,129276652567214
WORK,B,117233,54184822016557,129276652567214,11
WORK,E,117233,54184822068684,129276652567214
WORK,B,117233,54184822122599,129276652567214,11
WORK,E,117233,54184822133398,129276652567214
WORK,B,117233,54184822135355,129276652567214,11
WORK,E,117233,54184822150184,129276652567214
WORK,B,117233,54184822153215,129276652569621,20
WORK,E,117233,54184822169218,129276652569621
BUCKET_OPEN,i,117233,54184822173723,20
BUCKET_OPEN,i,117233,54184822175425,20
BUCKET_OPEN,i,117233,54184822177156,21
BUCKET_OPEN,i,117233,54184822178312,21
plan_end_of_gc,B,117233,54184822187271
plan_end_of_gc,E,117233,54184822189514
GC,E,117233,54184822191865
GC,B,117233,54184855442519
GC,E,117233,54184857996269
GC,B,117233,54184895560140
GC,E,117233,54184897998353
GC,B,117233,54184926841462
GC,E,117233,54184929139351
GC,B,117233,54184963014626
GC,E,117233,54184965357646
GC,B,117233,54184998970152
GC,E,117233,54185001158329
GC,B,117233,54185034464311
GC,E,117233,54185036940858
GC,B,117233,54185066953250
GC,E,117233,54185069414530
GC,B,117233,54185107934534
GC,E,117233,54185110263445
GC,B,117233,54185150500427
GC,E,117233,54185153918161
GC,B,117233,54185188115249
GC,E,117233,54185191465650
GC,B,117233,54185222550512
GC,E,117233,54185224832165
GC,B,117233,54185252992120
GC,E,117233,54185255190643
GC,B,117233,54185287499822
GC,E,117233,54185290156235
GC,B,117233,54185320994572
GC,E,117233,54185324410943
GC,B,117233,54185356603000
GC,E,117233,54185358897206
GC,B,117233,54185391268413
GC,E,117233,54185393682751
GC,B,117233,54185426297142
GC,E,117233,54185428806675
GC,B,117233,54185463626046
GC,E,117233,54185466795342
GC,B,117233,54185497404429
GC,E,117233,54185499623512
GC,B,117233,54185527952173
GC,E,117233,54185530427688
GC,B,117233,54185558843357
GC,E,117233,54185561145627
GC,B,117233,54185589718952
GC,E,117233,54185593253035
GC,B,117233,54185633079169
GC,E,117233,54185635620955
GC,B,117233,54185670291755
GC,E,117233,54185672637996
GC,B,117233,54185704463280
GC,E,117233,54185706892672
GC,B,117233,54185748339232
GC,E,117233,54185751583891
GC,B,117233,54185791638692
GC,E,117233,54185795139925
GC,B,117233,54185823041352
GC,E,117233,54185826063149
GC,B,117233,54185861567320
GC,E,117233,54185863813969
GC,B,117233,54185900863913
GC,E,117233,54185904205237
GC,B,117233,54185937672696
GC,E,117233,54185940875462
GC,B,117233,54185977661287
GC,E,117233,54185980307238
GC,B,117233,54186019090628
GC,E,117233,54186021910043
GC,B,117233,54186052647443
GC,E,117233,54186055167619
GC,B,117233,54186087432401
GC,E,117233,54186089985219
GC,B,117233,54186123661550
GC,E,117233,54186126000235
GC,B,117233,54186163056462
GC,E,117233,54186166406693
GC,B,117233,54186202841808
GC,E,117233,54186205535243
GC,B,117233,54186237682786
GC,E,117233,54186240234993
GC,B,117233,54186279521592
GC,E,117233,54186281845537
GC,B,117233,54186316035864
GC,E,117233,54186318341225
GC,B,117233,54186350691322
GC,E,117233,54186354057931
GC,B,117233,54186389556999
GC,E,117233,54186391930356
GC,B,117233,54186422324136
GC,E,117233,54186424914576
GC,B,117233,54186455028159
GC,E,117233,54186458693734
GC,B,117233,54186488858334
GC,E,117233,54186491590837
GC,B,117233,54186519781280
GC,E,117233,54186522448851
GC,B,117233,54186553612192
GC,E,117233,54186556932390
GC,B,117233,54186585271684
GC,E,117233,54186588271959
GC,B,117233,54186614293756
WORK,B,117233,54186614358699,129276652571054,18
WORK,E,117233,54186614379854,129276652571054
WORK,B,117233,54186614384637,129276652507251,12
WORK,E,117233,54186614619478,129276652507251
WORK,B,117233,54186614663930,129276652521917,13
WORK,E,117233,54186614666697,129276652521917
WORK,B,117233,54186614669818,129276652649827,11
WORK,E,117233,54186614676628,129276652649827
WORK,B,117233,54186614679040,129276652706004,18
roots,meta,117233,54186614719968,0,130
WORK,E,117233,54186614723125,129276652706004
WORK,B,117233,54186614725239,129276652706004,18
roots,meta,117233,54186614728542,0,8
WORK,E,117233,54186614730367,129276652706004
WORK,B,117233,54186614732146,129276652706004,18
roots,meta,117233,54186614738744,0,19
WORK,E,117233,54186614740590,129276652706004
WORK,B,117233,54186614743009,129276652585717,17
roots,meta,117233,54186614745106,0,36
WORK,E,117233,54186614746540,129276652585717
WORK,B,117233,54186614748367,129276652520083,19
roots,meta,117233,54186614750201,0,15
WORK,E,117233,54186614751520,129276652520083
WORK,B,117233,54186614753302,129276652584647,27
WORK,E,117233,54186614754743,129276652584647
WORK,B,117233,54186614756557,129276652564181,19
roots,meta,117233,54186614759294,0,9
WORK,E,117233,54186614760592,129276652564181
WORK,B,117233,54186614762601,129276652527104,20
WORK,E,117233,54186614764733,129276652527104
WORK,B,117233,54186614766913,129276652532079,18
WORK,E,117233,54186614768557,129276652532079
WORK,B,117233,54186614770859,129276652596929,25
roots,meta,117233,54186614778620,0,53
WORK,E,117233,54186614780568,129276652596929
WORK,B,117233,54186614783061,129276652707071,18
roots,meta,117233,54186614802348,0,1024
roots,meta,117233,54186614819124,0,1024
roots,meta,117233,54186614832073,0,993
WORK,E,117233,54186614834356,129276652707071
WORK,B,117233,54186614836985,129276652519767,20
roots,meta,117233,54186614849013,0,1024
roots,meta,117233,54186614859918,0,1024
roots,meta,117233,54186614870581,0,1024
roots,meta,117233,54186614881572,0,1024
roots,meta,117233,54186614891690,0,1024
roots,meta,117233,54186614902586,0,1024
roots,meta,117233,54186614908839,0,267
WORK,E,117233,54186614911031,129276652519767
WORK,B,117233,54186614913804,129276652720530,29
roots,meta,117233,54186614950958,0,1024
roots,meta,117233,54186614990326,0,1024
roots,meta,117233,54186615038237,0,1024
roots,meta,117233,54186615048623,0,1024
roots,meta,117233,54186615058341,0,850
WORK,E,117233,54186615061641,129276652720530
WORK,B,117233,54186615066359,129276652686168,22
roots,meta,117233,54186615080928,0,1024
roots,meta,117233,54186615084591,0,132
WORK,E,117233,54186615086988,129276652686168
WORK,B,117233,54186615091033,129276652710034,17
WORK,E,117233,54186615094850,129276652710034
WORK,B,117233,54186615097600,129276652607222,23
WORK,E,117233,54186615171500,129276652607222
WORK,B,117233,54186615194346,129276652607222,23
WORK,E,117233,54186615198981,129276652607222
WORK,B,117233,54186615201000,129276652607222,23
WORK,E,117233,54186615204315,129276652607222
WORK,B,117233,54186615205892,129276652607222,23
WORK,E,117233,54186615209268,129276652607222
WORK,B,117233,54186615211017,129276652607222,23
WORK,E,117233,54186615213763,129276652607222
WORK,B,117233,54186615215534,129276652607222,23
WORK,E,117233,54186615218561,129276652607222
WORK,B,117233,54186615220264,129276652607222,23
WORK,E,117233,54186615231324,129276652607222
WORK,B,117233,54186615233088,129276652607222,23
WORK,E,117233,54186615345342,129276652607222
WORK,B,117233,54186615376175,129276652607222,23
WORK,E,117233,54186615485844,129276652607222
WORK,B,117233,54186615487852,129276652607222,23
WORK,E,117233,54186615557471,129276652607222
WORK,B,117233,54186615559821,129276652607222,23
WORK,E,117233,54186615619411,129276652607222
WORK,B,117233,54186615656193,129276652607222,23
WORK,E,117233,54186615713227,129276652607222
WORK,B,117233,54186615736903,129276652607222,23
WORK,E,117233,54186615813850,129276652607222
WORK,B,117233,54186615836279,129276652607222,23
WORK,E,117233,54186615897166,129276652607222
WORK,B,117233,54186615919632,129276652607222,23
WORK,E,117233,54186615975434,129276652607222
WORK,B,117233,54186615995109,129276652607222,23
WORK,E,117233,54186616095761,129276652607222
WORK,B,117233,54186616116420,129276652528048,11
WORK,E,117233,54186616127638,129276652528048
WORK,B,117233,54186616129818,129276652528048,11
WORK,E,117233,54186616139651,129276652528048
WORK,B,117233,54186616140915,129276652528048,11
WORK,E,117233,54186616150457,129276652528048
WORK,B,117233,54186616151589,129276652528048,11
WORK,E,117233,54186616164969,129276652528048
WORK,B,117233,54186616166903,129276652528048,11
WORK,E,117233,54186616181864,129276652528048
WORK,B,117233,54186616183735,129276652528048,11
WORK,E,117233,54186616196669,129276652528048
WORK,B,117233,54186616198186,129276652528048,11
WORK,E,117233,54186616207417,129276652528048
WORK,B,117233,54186616208701,129276652528048,11
WORK,E,117233,54186616218120,129276652528048
WORK,B,117233,54186616220124,129276652607222,23
WORK,E,117233,54186616239563,129276652607222
WORK,B,117233,54186616240829,129276652607222,23
WORK,E,117233,54186616313999,129276652607222
WORK,B,117233,54186616316787,129276652607222,23
WORK,E,117233,54186616414524,129276652607222
WORK,B,117233,54186616417745,129276652607222,23
WORK,E,117233,54186616483272,129276652607222
WORK,B,117233,54186616524097,129276652607222,23
WORK,E,117233,54186616589608,129276652607222
WORK,B,117233,54186616614225,129276652607222,23
WORK,E,117233,54186616660577,129276652607222
WORK,B,117233,54186616691011,129276652607222,23
WORK,E,117233,54186616764092,129276652607222
WORK,B,117233,54186616801075,129276652607222,23
WORK,E,117233,54186616816097,129276652607222
BUCKET_OPEN,i,117233,54186616821576,18
BUCKET_OPEN,i,117233,54186616823271,18
WORK,B,117233,54186616827596,129276652715376,7
WORK,E,117233,54186616834202,129276652715376
BUCKET_OPEN,i,117233,54186616836812,19
BUCKET_OPEN,i,117233,54186616837865,19
WORK,B,117233,54186616841499,129276652567214,11
WORK,E,117233,54186616926706,129276652567214
WORK,B,117233,54186616955779,129276652567214,11
WORK,E,117233,54186616958382,129276652567214
WORK,B,117233,54186616960309,129276652567214,11
WORK,E,117233,54186616962776,129276652567214
WORK,B,117233,54186616964638,129276652567214,11
WORK,E,117233,54186616968074,129276652567214
WORK,B,117233,54186616969799,129276652567214,11
WORK,E,117233,54186616972053,129276652567214
WORK,B,117233,54186616973970,129276652567214,11
WORK,E,117233,54186616975991,129276652567214
WORK,B,117233,54186616977862,129276652567214,11
WORK,E,117233,54186616982677,129276652567214
WORK,B,117233,54186616984445,129276652567214,11
WORK,E,117233,54186617024415,129276652567214
WORK,B,117233,54186617026458,129276652567214,11
WORK,E,117233,54186617064035,129276652567214
WORK,B,117233,54186617088556,129276652567214,11
WORK,E,117233,54186617122536,129276652567214
WORK,B,117233,54186617124594,129276652567214,11
WORK,E,117233,54186617161137,129276652567214
WORK,B,117233,54186617184695,129276652567214,11
WORK,E,117233,54186617227029,129276652567214
WORK,B,117233,54186617233013,129276652567214,11
WORK,E,117233,54186617284987,129276652567214
WORK,B,117233,54186617311302,129276652567214,11
WORK,E,117233,54186617351921,129276652567214
WORK,B,117233,54186617356925,129276652567214,11
WORK,E,117233,54186617400810,129276652567214
WORK,B,117233,54186617424673,129276652567214,11
WORK,E,117233,54186617472309,129276652567214
WORK,B,117233,54186617496716,129276652567214,11
WORK,E,117233,54186617530250,129276652567214
WORK,B,117233,54186617555174,129276652567214,11
WORK,E,117233,54186617607010,129276652567214
WORK,B,117233,54186617632507,129276652567214,11
WORK,E,117233,54186617694116,129276652567214
WORK,B,117233,54186617719675,129276652567214,11
WORK,E,117233,54186617763257,129276652567214
WORK,B,117233,54186617786832,129276652567214,11
WORK,E,117233,54186617829318,129276652567214
WORK,B,117233,54186617853281,129276652567214,11
WORK,E,117233,54186617886883,129276652567214
WORK,B,117233,54186617888962,129276652567214,11
WORK,E,117233,54186617932661,129276652567214
WORK,B,117233,54186617958330,129276652567214,11
WORK,E,117233,54186617966949,129276652567214
WORK,B,117233,54186617969255,129276652567214,11
WORK,E,117233,54186617974972,129276652567214
WORK,B,117233,54186617978064,129276652569621,20
WORK,E,117233,54186617984529,129276652569621
BUCKET_OPEN,i,117233,54186617987502,20
BUCKET_OPEN,i,117233,54186617988888,20
BUCKET_OPEN,i,117233,54186617990315,21
BUCKET_OPEN,i,117233,54186617991288,21
plan_end_of_gc,B,117233,54186618000773
plan_end_of_gc,E,117233,54186618002849
GC,E,117233,54186618004988
GC,B,117233,54186647392964
GC,E,117233,54186651166660
GC,B,117233,54186684260329
GC,E,117233,54186686595258
GC,B,117233,54186719357366
GC,E,117233,54186722901742
GC,B,117233,54186761740829
GC,E,117233,54186764396434
GC,B,117233,54186795719693
GC,E,117233,54186798129770
GC,B,117233,54186827201219
GC,E,117233,54186830237655
GC,B,117233,54186859451369
GC,E,117233,54186862234118
GC,B,117233,54186896075213
GC,E,117233,54186899636048
GC,B,117233,54186929621358
GC,E,117233,54186932155950
GC,B,117233,54186963225162
GC,E,117233,54186966199626
GC,B,117233,54186995775999
GC,E,117233,54186998175724
GC,B,117233,54187031085451
GC,E,117233,54187033613292
GC,B,117233,54187059262755
GC,E,117233,54187061730156
GC,B,117233,54187087237448
GC,E,117233,54187089742672
GC,B,117233,54187121638570
GC,E,117233,54187124152700
GC,B,117233,54187160210156
GC,E,117233,54187162604426
GC,B,117233,54187193113241
GC,E,117233,54187195921170
GC,B,117233,54187232421309
GC,E,117233,54187234492262
GC,B,117233,54187265490441
GC,E,117233,54187268508388
GC,B,117233,54187304996583
GC,E,117233,54187307803909
GC,B,117233,54187340567460
GC,E,117233,54187342797654
GC,B,117233,54187376428054
GC,E,117233,54187379125684
GC,B,117233,54187408902031
GC,E,117233,54187411382900
GC,B,117233,54187439279014
GC,E,117233,54187441723917
GC,B,117233,54187470527167
GC,E,117233,54187473311870
GC,B,117233,54187500041561
GC,E,117233,54187502404393
GC,B,117233,54187534157182
GC,E,117233,54187537087630
GC,B,117233,54187568182232
GC,E,117233,54187570331859
GC,B,117233,54187612768791
GC,E,117233,54187616332413
GC,B,117233,54187646518259
GC,E,117233,54187648905968
GC,B,117233,54187675374219
GC,E,117233,54187677803919
GC,B,117233,54187703758528
GC,E,117233,54187706557852
GC,B,117233,54187737388659
GC,E,117233,54187741036004
GC,B,117233,54187769424459
GC,E,117233,54187772096358
GC,B,117233,54187801560946
GC,E,117233,54187805199758
GC,B,117233,54187831288177
GC,E,117233,54187834225157
GC,B,117233,54187862061026
GC,E,117233,54187864830569
GC,B,117233,54187890882606
GC,E,117233,54187893455708
GC,B,117233,54187923414958
GC,E,117233,54187925821938
GC,B,117233,54187958372480
GC,E,117233,54187960657223
GC,B,117233,54187990707961
GC,E,117233,54187993434246
GC,B,117233,54188021502251
GC,E,117233,54188024240222
GC,B,117233,54188051763420
GC,E,117233,54188054022124
GC,B,117233,54188080976993
GC,E,117233,54188084248445
GC,B,117233,54188116763182
GC,E,117233,54188119948577
GC,B,117233,54188152732565
GC,E,117233,54188155334289
GC,B,117233,54188181637681
GC,E,117233,54188184087282
GC,B,117233,54188212569538
GC,E,117233,54188214793957
GC,B,117233,54188253677981
GC,E,117233,54188256293191
GC,B,117233,54188281285507
WORK,B,117233,54188281326768,129276652571054,18
WORK,E,117233,54188281341423,129276652571054
WORK,B,117233,54188281344301,129276652507251,12
WORK,E,117233,54188281636705,129276652507251
WORK,B,117233,54188281668694,129276652521917,13
WORK,E,117233,54188281671338,129276652521917
WORK,B,117233,54188281673917,129276652649827,11
WORK,E,117233,54188281744145,129276652649827
WORK,B,117233,54188281773810,129276652706004,18
roots,meta,117233,54188281818371,0,129
WORK,E,117233,54188281845691,129276652706004
WORK,B,117233,54188281848211,129276652706004,18
roots,meta,117233,54188281852334,0,8
WORK,E,117233,54188281854422,129276652706004
WORK,B,117233,54188281856334,129276652706004,18
roots,meta,117233,54188281863041,0,19
WORK,E,117233,54188281865324,129276652706004
WORK,B,117233,54188281868429,129276652585717,17
roots,meta,117233,54188281871160,0,36
WORK,E,117233,54188281873727,129276652585717
WORK,B,117233,54188281876273,129276652520083,19
roots,meta,117233,54188281878672,0,15
WORK,E,117233,54188281880735,129276652520083
WORK,B,117233,54188281883478,129276652584647,27
WORK,E,117233,54188281885491,129276652584647
WORK,B,117233,54188281888138,129276652564181,19
roots,meta,117233,54188281891131,0,9
WORK,E,117233,54188281893275,129276652564181
WORK,B,117233,54188281895963,129276652527104,20
WORK,E,117233,54188281898423,129276652527104
WORK,B,117233,54188281901468,129276652532079,18
WORK,E,117233,54188281903423,129276652532079
WORK,B,117233,54188281906191,129276652596929,25
roots,meta,117233,54188281913767,0,53
WORK,E,117233,54188281915545,129276652596929
WORK,B,117233,54188281918133,129276652707071,18
roots,meta,117233,54188281938382,0,1024
roots,meta,117233,54188281980030,0,1024
roots,meta,117233,54188282016640,0,1024
roots,meta,117233,54188282023929,0,38
WORK,E,117233,54188282048633,129276652707071
WORK,B,117233,54188282051437,129276652519767,20
roots,meta,117233,54188282063520,0,1024
roots,meta,117233,54188282074879,0,1024
roots,meta,117233,54188282109765,0,1024
roots,meta,117233,54188282120465,0,1024
roots,meta,117233,54188282153700,0,1024
roots,meta,117233,54188282164437,0,1024
roots,meta,117233,54188282191990,0,309
WORK,E,117233,54188282195434,129276652519767
WORK,B,117233,54188282198521,129276652720530,29
roots,meta,117233,54188282235800,0,1024
roots,meta,117233,54188282290302,0,1024
roots,meta,117233,54188282323757,0,1024
roots,meta,117233,54188282335171,0,1024
roots,meta,117233,54188282367843,0,851
WORK,E,117233,54188282370625,129276652720530
WORK,B,117233,54188282374186,129276652686168,22
roots,meta,117233,54188282388769,0,1024
roots,meta,117233,54188282415799,0,132
WORK,E,117233,54188282418117,129276652686168
WORK,B,117233,54188282421008,129276652710034,17
WORK,E,117233,54188282424758,129276652710034
WORK,B,117233,54188282428322,129276652607222,23
WORK,E,117233,54188282484505,129276652607222
WORK,B,117233,54188282510593,129276652607222,23
WORK,E,117233,54188282514202,129276652607222
WORK,B,117233,54188282516355,129276652607222,23
WORK,E,117233,54188282519135,129276652607222
WORK,B,117233,54188282521081,129276652607222,23
WORK,E,117233,54188282525753,129276652607222
WORK,B,117233,54188282527684,129276652607222,23
WORK,E,117233,54188282530885,129276652607222
WORK,B,117233,54188282532934,129276652607222,23
WORK,E,117233,54188282535616,129276652607222
WORK,B,117233,54188282537645,129276652607222,23
WORK,E,117233,54188282549491,129276652607222
WORK,B,117233,54188282551541,129276652607222,23
WORK,E,117233,54188282668640,129276652607222
WORK,B,117233,54188282696882,129276652607222,23
WORK,E,117233,54188282772815,129276652607222
WORK,B,117233,54188282774611,129276652607222,23
WORK,E,117233,54188282831884,129276652607222
WORK,B,117233,54188282833502,129276652607222,23
WORK,E,117233,54188282837311,129276652607222
WORK,B,117233,54188282838642,129276652607222,23
WORK,E,117233,54188282879340,129276652607222
WORK,B,117233,54188282880667,129276652607222,23
WORK,E,117233,54188282923605,129276652607222
WORK,B,117233,54188282926104,129276652528048,11
WORK,E,117233,54188282937853,129276652528048
WORK,B,117233,54188282939369,129276652528048,11
WORK,E,117233,54188282949357,129276652528048
WORK,B,117233,54188282950722,129276652528048,11
WORK,E,117233,54188282961328,129276652528048
WORK,B,117233,54188282962673,129276652528048,11
WORK,E,117233,54188282972546,129276652528048
WORK,B,117233,54188282974696,129276652528048,11
WORK,E,117233,54188282984259,129276652528048
WORK,B,117233,54188282985585,129276652528048,11
WORK,E,117233,54188282995495,129276652528048
WORK,B,117233,54188283001322,129276652528048,11
WORK,E,117233,54188283011181,129276652528048
WORK,B,117233,54188283012894,129276652607222,23
WORK,E,117233,54188283078996,129276652607222
WORK,B,117233,54188283106058,129276652607222,23
WORK,E,117233,54188283167049,129276652607222
WORK,B,117233,54188283168692,129276652607222,23
WORK,E,117233,54188283215187,129276652607222
WORK,B,117233,54188283216889,129276652607222,23
WORK,E,117233,54188283268302,129276652607222
WORK,B,117233,54188283269736,129276652607222,23
WORK,E,117233,54188283292369,129276652607222
WORK,B,117233,54188283293700,129276652607222,23
WORK,E,117233,54188283381699,129276652607222
WORK,B,117233,54188283407514,129276652607222,23
WORK,E,117233,54188283482977,129276652607222
WORK,B,117233,54188283489291,129276652607222,23
WORK,E,117233,54188283539806,129276652607222
WORK,B,117233,54188283562989,129276652607222,23
WORK,E,117233,54188283622115,129276652607222
WORK,B,117233,54188283624396,129276652607222,23
WORK,E,117233,54188283657354,129276652607222
WORK,B,117233,54188283658779,129276652607222,23
WORK,E,117233,54188283703469,129276652607222
WORK,B,117233,54188283705116,129276652607222,23
WORK,E,117233,54188283713666,129276652607222
BUCKET_OPEN,i,117233,54188283718576,18
BUCKET_OPEN,i,117233,54188283720109,18
WORK,B,117233,54188283723744,129276652715376,7
WORK,E,117233,54188283729854,129276652715376
BUCKET_OPEN,i,117233,54188283731798,19
BUCKET_OPEN,i,117233,54188283732619,19
WORK,B,117233,54188283735269,129276652567214,11
WORK,E,117233,54188283795152,129276652567214
WORK,B,117233,54188283796647,129276652567214,11
WORK,E,117233,54188283798362,129276652567214
WORK,B,117233,54188283799692,129276652567214,11
WORK,E,117233,54188283801497,129276652567214
WORK,B,117233,54188283802706,129276652567214,11
WORK,E,117233,54188283805239,129276652567214
WORK,B,117233,54188283806447,129276652567214,11
WORK,E,117233,54188283807931,129276652567214
WORK,B,117233,54188283809135,129276652567214,11
WORK,E,117233,54188283810766,129276652567214
WORK,B,117233,54188283812031,129276652567214,11
WORK,E,117233,54188283814730,129276652567214
WORK,B,117233,54188283815943,129276652567214,11
WORK,E,117233,54188283844868,129276652567214
WORK,B,117233,54188283846142,129276652567214,11
WORK,E,117233,54188283882766,129276652567214
WORK,B,117233,54188283884213,129276652567214,11
WORK,E,117233,54188283907798,129276652567214
WORK,B,117233,54188283909172,129276652567214,11
WORK,E,117233,54188283911354,129276652567214
WORK,B,117233,54188283912679,129276652567214,11
WORK,E,117233,54188283942510,129276652567214
WORK,B,117233,54188283943887,129276652567214,11
WORK,E,117233,54188283973790,129276652567214
WORK,B,117233,54188283981104,129276652567214,11
WORK,E,117233,54188284035924,129276652567214
WORK,B,117233,54188284040489,129276652567214,11
WORK,E,117233,54188284070868,129276652567214
WORK,B,117233,54188284097354,129276652567214,11
WORK,E,117233,54188284133263,129276652567214
WORK,B,117233,54188284135187,129276652567214,11
WORK,E,117233,54188284177262,129276652567214
WORK,B,117233,54188284178967,129276652567214,11
WORK,E,117233,54188284191849,129276652567214
WORK,B,117233,54188284193173,129276652567214,11
WORK,E,117233,54188284224873,129276652567214
WORK,B,117233,54188284249160,129276652567214,11
WORK,E,117233,54188284283461,129276652567214
WORK,B,117233,54188284303625,129276652567214,11
WORK,E,117233,54188284333912,129276652567214
WORK,B,117233,54188284335414,129276652567214,11
WORK,E,117233,54188284364842,129276652567214
WORK,B,117233,54188284366301,129276652567214,11
WORK,E,117233,54188284390447,129276652567214
WORK,B,117233,54188284392271,129276652567214,11
WORK,E,117233,54188284422665,129276652567214
WORK,B,117233,54188284445605,129276652567214,11
WORK,E,117233,54188284451756,129276652567214
WORK,B,117233,54188284453595,129276652567214,11
WORK,E,117233,54188284463986,129276652567214
WORK,B,117233,54188284466811,129276652569621,20
WORK,E,117233,54188284479367,129276652569621
BUCKET_OPEN,i,117233,54188284482077,20
BUCKET_OPEN,i,117233,54188284483128,20
BUCKET_OPEN,i,117233,54188284484486,21
BUCKET_OPEN,i,117233,54188284485351,21
plan_end_of_gc,B,117233,54188284491992
plan_end_of_gc,E,117233,54188284493770
GC,E,117233,54188284495563
GC,B,117233,54188309120125
GC,E,117233,54188311437458
GC,B,117233,54188336900122
GC,E,117233,54188339346542
GC,B,117233,54188370069424
GC,E,117233,54188372673749
GC,B,117233,54188402537915
GC,E,117233,54188405063222
GC,B,117233,54188434406633
GC,E,117233,54188437496055
GC,B,117233,54188470488751
GC,E,117233,54188472773891
GC,B,117233,54188507867856
GC,E,117233,54188510287686
GC,B,117233,54188535405350
GC,E,117233,54188538008877
GC,B,117233,54188562825817
GC,E,117233,54188565293144
GC,B,117233,54188592758637
GC,E,117233,54188595032663
GC,B,117233,54188631203888
GC,E,117233,54188633527064
GC,B,117233,54188672752838
GC,E,117233,54188675543485
GC,B,117233,54188707578387
GC,E,117233,54188710117081
GC,B,117233,54188735251306
GC,E,117233,54188738173408
GC,B,117233,54188772582047
GC,E,117233,54188775176155
GC,B,117233,54188799105918
GC,E,117233,54188801567308
GC,B,117233,54188825606765
GC,E,117233,54188828101666
GC,B,117233,54188854291689
GC,E,117233,54188856898182
GC,B,117233,54188889932713
GC,E,117233,54188892147821
GC,B,117233,54188916627214
GC,E,117233,54188918870596
GC,B,117233,54188954065627
GC,E,117233,54188957672343
GC,B,117233,54188987036289
GC,E,117233,54188989825097
GC,B,117233,54189015389112
GC,E,117233,54189017823025
GC,B,117233,54189044726531
GC,E,117233,54189047436360
GC,B,117233,54189083676243
GC,E,117233,54189086082713
GC,B,117233,54189113140662
GC,E,117233,54189115571131
GC,B,117233,54189144650246
GC,E,117233,54189147250572
GC,B,117233,54189173549061
GC,E,117233,54189176103101
GC,B,117233,54189202363439
GC,E,117233,54189206128462
GC,B,117233,54189233462760
GC,E,117233,54189235973958
GC,B,117233,54189267151299
GC,E,117233,54189269611059
GC,B,117233,54189297007064
GC,E,117233,54189299643186
GC,B,117233,54189336213357
GC,E,117233,54189339124887
GC,B,117233,54189366051000
GC,E,117233,54189368521192
GC,B,117233,54189404676604
GC,E,117233,54189407723689
GC,B,117233,54189434622995
GC,E,117233,54190073349353
GC,B,117233,54190106879560
GC,E,117233,54190110754182


@decoded[129276652715376]: 1
@decoded[129276652507251]: 1
@decoded[129276652585717]: 1
@decoded[129276652584647]: 1
@decoded[129276652649827]: 1
@decoded[129276652571054]: 1
@decoded[129276652567214]: 1
@decoded[129276652532079]: 1
@decoded[129276652596929]: 1
@decoded[129276652607222]: 1
@decoded[129276652706004]: 1
@decoded[129276652707599]: 1
@decoded[129276652527104]: 1
@decoded[129276652528048]: 1
@decoded[129276652686168]: 1
@decoded[129276652707071]: 1
@decoded[129276652564181]: 1
@decoded[129276652521917]: 1
@decoded[129276652720530]: 1
@decoded[129276652520083]: 1
@decoded[129276652519767]: 1
@decoded[129276652710034]: 1
@decoded[129276652569621]: 1
@enable_print: 0
@every: 50
@gc_count: 287
@harness: 0
@stats_enabled: 1
@thread_in_work[117233]: 1
@thread_work_id[117233]: 129276652569621
@type_name[129276652507251]: StopMutators
@type_name[129276652519767]: ScanStringTableRoots
@type_name[129276652520083]: ScanJNIHandlesRoots
@type_name[129276652521917]: FastRCPrepare
@type_name[129276652527104]: ScanJvmtiExportRoots
@type_name[129276652528048]: ProcessIncs
@type_name[129276652532079]: ScanAOTLoaderRoots
@type_name[129276652564181]: ScanManagementRoots
@type_name[129276652567214]: ProcessDecs
@type_name[129276652569621]: SweepBlocksAfterDecs
@type_name[129276652571054]: ScheduleCollection
@type_name[129276652584647]: ScanObjectSynchronizerRoots
@type_name[129276652585717]: ScanUniverseRoots
@type_name[129276652596929]: ScanSystemDictionaryRoots
@type_name[129276652607222]: RCImmixCollectRootEdges
@type_name[129276652649827]: ProcessIncs
@type_name[129276652686168]: ScanWeakProcessorRoots
@type_name[129276652706004]: ScanMultipleStacks
@type_name[129276652707071]: ScanCodeCacheRoots
@type_name[129276652707599]: CycleCollector
@type_name[129276652710034]: ScanVMThreadRoots
@type_name[129276652715376]: Release
@type_name[129276652720530]: ScanClassLoaderDataGraphRoots
